// Jest Snapshot v1, https://goo.gl/fbAQLP

exports[`renders correctly 1`] = `
<View
  accessible={true}
  collapsable={false}
  focusable={true}
  onClick={[Function]}
  onResponderGrant={[Function]}
  onResponderMove={[Function]}
  onResponderRelease={[Function]}
  onResponderTerminate={[Function]}
  onResponderTerminationRequest={[Function]}
  onStartShouldSetResponder={[Function]}
  style={
    Object {
      "opacity": 1,
    }
  }
>
  <View
    style={
      Object {
        "alignItems": "center",
        "flexDirection": "row",
        "marginBottom": 20,
      }
    }
  >
    <Image
      resizeMode="cover"
      source={
        Object {
          "uri": undefined,
        }
      }
      style={
        Array [
          Object {
            "borderColor": "#ccc",
            "borderRadius": 35,
            "borderWidth": 2,
            "height": 70,
            "width": 70,
          },
          undefined,
        ]
      }
    />
    <Text
      style={
        Object {
          "fontSize": 24,
          "marginLeft": 20,
        }
      }
    />
  </View>
</View>
`;
