// Jest Snapshot v1, https://goo.gl/fbAQLP

exports[`renders correctly 1`] = `
<View
  style={
    Object {
      "alignItems": "center",
      "borderWidth": 1,
      "flexDirection": "row",
      "justifyContent": "space-between",
      "marginVertical": 12,
      "paddingHorizontal": 10,
    }
  }
>
  <TextInput
    onChangeText={[Function]}
    onSubmitEditing={[Function]}
    placeholder="Search by name"
    style={
      Object {
        "flexGrow": 1,
        "fontSize": 16,
        "height": 50,
      }
    }
  />
  <View
    accessibilityRole="button"
    accessible={true}
    collapsable={false}
    focusable={true}
    onClick={[Function]}
    onResponderGrant={[Function]}
    onResponderMove={[Function]}
    onResponderRelease={[Function]}
    onResponderTerminate={[Function]}
    onResponderTerminationRequest={[Function]}
    onStartShouldSetResponder={[Function]}
    style={
      Object {
        "opacity": 1,
      }
    }
  >
    <View
      style={
        Array [
          Object {},
        ]
      }
    >
      <Text
        style={
          Array [
            Object {
              "color": "#007AFF",
              "fontSize": 18,
              "margin": 8,
              "textAlign": "center",
            },
          ]
        }
      >
        Search
      </Text>
    </View>
  </View>
</View>
`;
